// Jest Snapshot v1, https://goo.gl/fbAQLP

exports[`<Logo /> snapshot check 1`] = `<DocumentFragment />`;
