// Jest Snapshot v1, https://goo.gl/fbAQLP

exports[`StoreList should render store basic details correctly 1`] = `<DocumentFragment />`;
