// Jest Snapshot v1, https://goo.gl/fbAQLP

exports[`<CartList /> snapshot check 1`] = `<DocumentFragment />`;
