// Jest Snapshot v1, https://goo.gl/fbAQLP

exports[`<HeroBanner /> snapshot check 1`] = `
<DocumentFragment>
  <div
    class="css-6lwiu8"
  >
    <a>
      <img
        class="css-1phd9a0"
      />
    </a>
  </div>
</DocumentFragment>
`;
