// Jest Snapshot v1, https://goo.gl/fbAQLP

exports[`<SkipLink /> snapshot check 1`] = `
<DocumentFragment>
  <div
    class="css-1djjrov"
  >
    <a
      class="css-81hfzx"
      href="#main-content"
    >
      skip to main content
    </a>
  </div>
</DocumentFragment>
`;
