// Jest Snapshot v1, https://goo.gl/fbAQLP

exports[`StoreImage should render store basic details correctly 1`] = `
<DocumentFragment>
  <div
    class="css-0"
  >
    <img
      alt="image alt"
      class="css-457lt1"
    />
  </div>
</DocumentFragment>
`;
