// Jest Snapshot v1, https://goo.gl/fbAQLP

exports[`StoreOpenStatus should render store open status correctly 1`] = `
<DocumentFragment>
  <svg
    class="css-kbr51z"
    fill="currentColor"
    height="1em"
    stroke="currentColor"
    stroke-width="0"
    viewBox="0 0 384 512"
    width="1em"
    xmlns="http://www.w3.org/2000/svg"
  >
    <path
      d="M172.268 501.67C26.97 291.031 0 269.413 0 192 0 85.961 85.961 0 192 0s192 85.961 192 192c0 77.413-26.97 99.031-172.268 309.67-9.535 13.774-29.93 13.773-39.464 0z"
    />
  </svg>
</DocumentFragment>
`;
