// Jest Snapshot v1, https://goo.gl/fbAQLP

exports[`<ProductCarouselTile /> should render correctly 1`] = `
<DocumentFragment>
  <div>
    <h2
      class="css-zhbmh3"
    >
      test heading
    </h2>
    <section
      class="css-13ug728"
    >
      <button
        aria-label="prev"
        class="css-q54x71"
        type="button"
      >
        <svg
          aria-hidden="true"
          class="css-1im46kq"
          focusable="false"
          role="presentation"
          viewBox="0 0 24 24"
        >
          <path
            d="M15.41 7.41L14 6l-6 6 6 6 1.41-1.41L10.83 12z"
            fill="currentColor"
          />
        </svg>
      </button>
      <ul
        class="css-d1soyr"
      >
        <li
          class="css-ltvgdk"
          tabindex="0"
        >
          <div
            class="css-psphtj"
          >
            <div
              class="css-84pv12"
            >
              <img
                alt="sample image"
                class="css-82vs3h"
                height="150px"
                width="150px"
              />
            </div>
            <div
              class="css-0"
            >
              <a
                href="/p/101"
                tabindex="0"
              >
                <h3
                  class="css-zj698v"
                >
                  sample image
                </h3>
              </a>
              <div
                class="css-1upilqn"
              >
                ($1.68 / kg )
              </div>
              <div
                class="css-14w6evh"
              >
                $1.68
              </div>
              <button
                class="css-bbsppe"
                tabindex="0"
                type="button"
              >
                Add to Cart
              </button>
            </div>
          </div>
        </li>
      </ul>
      <button
        aria-label="next"
        class="css-13t3hkw"
        type="button"
      >
        <svg
          aria-hidden="true"
          class="css-1im46kq"
          focusable="false"
          role="presentation"
          viewBox="0 0 24 24"
        >
          <path
            d="M10 6L8.59 7.41 13.17 12l-4.58 4.59L10 18l6-6z"
            fill="currentColor"
          />
        </svg>
      </button>
      <div
        class="css-3buig3"
      >
        <ul
          class="css-k008qs"
        >
          <li
            class="css-i6zvb9"
          >
            <button
              aria-label="item 1 of 1"
              class="css-1uqak3w"
            >
               
            </button>
          </li>
        </ul>
      </div>
    </section>
  </div>
</DocumentFragment>
`;
