// Jest Snapshot v1, https://goo.gl/fbAQLP

exports[`<Carousel /> should render correctly 1`] = `
<DocumentFragment>
  <section
    class="css-13ug728"
  >
    <button
      aria-label="prev"
      class="css-q54x71"
      type="button"
    >
      <svg
        aria-hidden="true"
        class="css-1im46kq"
        focusable="false"
        role="presentation"
        viewBox="0 0 24 24"
      >
        <path
          d="M15.41 7.41L14 6l-6 6 6 6 1.41-1.41L10.83 12z"
          fill="currentColor"
        />
      </svg>
    </button>
    <ul
      class="css-nm62o9"
    >
      <li
        class="css-ltvgdk"
        tabindex="0"
      >
        <div>
          1
        </div>
      </li>
      <li
        aria-hidden="true"
        class="css-ltvgdk"
        tabindex="-1"
      >
        <div>
          2
        </div>
      </li>
      <li
        aria-hidden="true"
        class="css-ltvgdk"
        tabindex="-1"
      >
        <div>
          3
        </div>
      </li>
      <li
        aria-hidden="true"
        class="css-ltvgdk"
        tabindex="-1"
      >
        <div>
          4
        </div>
      </li>
      <li
        aria-hidden="true"
        class="css-ltvgdk"
        tabindex="-1"
      >
        <div>
          5
        </div>
      </li>
    </ul>
    <button
      aria-label="next"
      class="css-13t3hkw"
      type="button"
    >
      <svg
        aria-hidden="true"
        class="css-1im46kq"
        focusable="false"
        role="presentation"
        viewBox="0 0 24 24"
      >
        <path
          d="M10 6L8.59 7.41 13.17 12l-4.58 4.59L10 18l6-6z"
          fill="currentColor"
        />
      </svg>
    </button>
    <div
      class="css-3buig3"
    >
      <ul
        class="css-k008qs"
      >
        <li
          class="css-i6zvb9"
        >
          <button
            aria-label="item 1 of 5"
            class="css-1uqak3w"
          >
             
          </button>
        </li>
        <li
          class="css-i6zvb9"
        >
          <button
            aria-label="item 2 of 5"
            class="css-1uqak3w"
          >
             
          </button>
        </li>
        <li
          class="css-i6zvb9"
        >
          <button
            aria-label="item 3 of 5"
            class="css-1uqak3w"
          >
             
          </button>
        </li>
        <li
          class="css-i6zvb9"
        >
          <button
            aria-label="item 4 of 5"
            class="css-1uqak3w"
          >
             
          </button>
        </li>
        <li
          class="css-i6zvb9"
        >
          <button
            aria-label="item 5 of 5"
            class="css-1uqak3w"
          >
             
          </button>
        </li>
      </ul>
    </div>
  </section>
</DocumentFragment>
`;
